warning: the :namespace option given to ChessDuelBackendWeb.AdminController is deprecated.
Set "plug :put_layout, html: ChessDuelBackendWeb.LayoutView" instead

warning: the :namespace option given to ChessDuelBackendWeb.PuzzleRushController is deprecated.
Set "plug :put_layout, html: ChessDuelBackendWeb.LayoutView" instead

warning: the :namespace option given to ChessDuelBackendWeb.UserRegistrationController is deprecated.
Set "plug :put_layout, html: ChessDuelBackendWeb.LayoutView" instead

warning: the :namespace option given to ChessDuelBackendWeb.GuestSessionController is deprecated.
Set "plug :put_layout, html: ChessDuelBackendWeb.LayoutView" instead

warning: the :namespace option given to ChessDuelBackendWeb.FriendshipController is deprecated.
Set "plug :put_layout, html: ChessDuelBackendWeb.LayoutView" instead

warning: the :namespace option given to ChessDuelBackendWeb.HealthController is deprecated.
Set "plug :put_layout, html: ChessDuelBackendWeb.LayoutView" instead

warning: the :namespace option given to ChessDuelBackendWeb.GameAnalysisController is deprecated.
Set "plug :put_layout, html: ChessDuelBackendWeb.LayoutView" instead

warning: the :namespace option given to ChessDuelBackendWeb.BotGameController is deprecated.
Set "plug :put_layout, html: ChessDuelBackendWeb.LayoutView" instead

warning: the :namespace option given to ChessDuelBackendWeb.UserSessionController is deprecated.
Set "plug :put_layout, html: ChessDuelBackendWeb.LayoutView" instead

warning: the :namespace option given to ChessDuelBackendWeb.UserController is deprecated.
Set "plug :put_layout, html: ChessDuelBackendWeb.LayoutView" instead

warning: the :namespace option given to ChessDuelBackendWeb.GameHistoryController is deprecated.
Set "plug :put_layout, html: ChessDuelBackendWeb.LayoutView" instead

warning: the :namespace option given to ChessDuelBackendWeb.PuzzleController is deprecated.
Set "plug :put_layout, html: ChessDuelBackendWeb.LayoutView" instead

warning: the :namespace option given to ChessDuelBackendWeb.LiveGameController is deprecated.
Set "plug :put_layout, html: ChessDuelBackendWeb.LayoutView" instead

warning: the :namespace option given to ChessDuelBackendWeb.AuthController is deprecated.
Set "plug :put_layout, html: ChessDuelBackendWeb.LayoutView" instead

    warning: Application.get_env/3 is discouraged in the module body, use Application.compile_env/3 instead
    │
  6 │   plug CORSPlug, Application.get_env(:chess_duel_backend, :cors, [])
    │                              ~
    │
    └─ lib/chess_duel_backend_web/endpoint.ex:6:30: ChessDuelBackendWeb.Endpoint (module)

warning: the :namespace option given to ChessDuelBackendWeb.UserConfirmationController is deprecated.
Set "plug :put_layout, html: ChessDuelBackendWeb.LayoutView" instead

warning: the :namespace option given to ChessDuelBackendWeb.BroadcastController is deprecated.
Set "plug :put_layout, html: ChessDuelBackendWeb.LayoutView" instead

warning: the :namespace option given to ChessDuelBackendWeb.ClubController is deprecated.
Set "plug :put_layout, html: ChessDuelBackendWeb.LayoutView" instead

    warning: redefining module ChessDuelBackendWeb.Endpoint (current version loaded from _build/test/lib/chess_duel_backend/ebin/Elixir.ChessDuelBackendWeb.Endpoint.beam)
    │
  1 │ defmodule ChessDuelBackendWeb.Endpoint do
    │ ~~~~~~~~~~~~~~~~~~~~~~~~~~~~~~~~~~~~~~~~~
    │
    └─ lib/chess_duel_backend_web/endpoint.ex:1: ChessDuelBackendWeb.Endpoint (module)

    warning: Application.get_env/3 is discouraged in the module body, use Application.compile_env/3 instead
    │
  6 │   plug CORSPlug, Application.get_env(:chess_duel_backend, :cors, [])
    │                              ~
    │
    └─ lib/chess_duel_backend_web/endpoint.ex:6:30: ChessDuelBackendWeb.Endpoint (module)


16:38:18.761 [info] Chess validator Port opened successfully

16:38:19.040 [info] Running ChessDuelBackendWeb.Endpoint with cowboy 2.18.0 at 127.0.0.1:4002 (http)

16:38:19.042 [info] Access ChessDuelBackendWeb.Endpoint at http://localhost:4002

16:38:19.205 [debug] QUERY OK source="users" db=10.8ms queue=12.8ms
SELECT TRUE FROM "users" AS u0 WHERE (u0."email" = $1) LIMIT 1 ["browser_admin@example.test"]

16:38:19.250 [debug] QUERY OK source="users" db=2.8ms queue=5.6ms
SELECT TRUE FROM "users" AS u0 WHERE (u0."nickname" = $1) LIMIT 1 ["browser_admin"]

16:38:19.440 [debug] QUERY OK source="users" db=16.2ms queue=1.6ms
INSERT INTO "users" ("role","nickname","email","hashed_password","account_status","battle_rating","blitz_rating","bullet_rating","profile_views","puzzle_rating","rapid_rating","rating","inserted_at","updated_at","id") VALUES ($1,$2,$3,$4,$5,$6,$7,$8,$9,$10,$11,$12,$13,$14,$15) [:user, "browser_admin", "browser_admin@example.test", "$2b$04$fZFejG1WYnlwQa/Rarcme.J7OasYscHLRnr15.GqaZxyKPFR07CE6", :active, 1200, 1200, 1200, 0, 1200, 1200, 1200, ~N[2026-09-08 19:38:19], ~N[2026-09-08 19:38:19], "5e8bd0b4-7b19-44d3-8c09-275a5b6a4191"]

16:38:19.449 [debug] QUERY OK source="users" db=5.2ms queue=2.1ms
UPDATE "users" SET "role" = $1, "confirmed_at" = $2, "updated_at" = $3 WHERE "id" = $4 [:admin, ~N[2026-09-08 19:38:19], ~N[2026-09-08 19:38:19], "5e8bd0b4-7b19-44d3-8c09-275a5b6a4191"]

16:38:19.451 [debug] QUERY OK source="users" db=1.9ms queue=0.2ms
SELECT TRUE FROM "users" AS u0 WHERE (u0."email" = $1) LIMIT 1 ["browser_player@example.test"]

16:38:19.455 [debug] QUERY OK source="users" db=2.7ms queue=0.1ms
SELECT TRUE FROM "users" AS u0 WHERE (u0."nickname" = $1) LIMIT 1 ["browser_player"]

16:38:19.459 [debug] QUERY OK source="users" db=1.6ms queue=0.1ms
INSERT INTO "users" ("role","nickname","email","hashed_password","account_status","battle_rating","blitz_rating","bullet_rating","profile_views","puzzle_rating","rapid_rating","rating","inserted_at","updated_at","id") VALUES ($1,$2,$3,$4,$5,$6,$7,$8,$9,$10,$11,$12,$13,$14,$15) [:user, "browser_player", "browser_player@example.test", "$2b$04$3dc563KxnZ4lkfTyMLwryudTOO8PbgQjanKCte.nZW8m4g7iwOw6y", :active, 1200, 1200, 1200, 0, 1200, 1200, 1200, ~N[2026-09-08 19:38:19], ~N[2026-09-08 19:38:19], "a7b4a204-9524-4f1c-adff-73fde97b9d30"]

16:38:19.464 [debug] QUERY OK source="users" db=2.0ms queue=1.6ms
UPDATE "users" SET "confirmed_at" = $1, "updated_at" = $2 WHERE "id" = $3 [~N[2026-09-08 19:38:19], ~N[2026-09-08 19:38:19], "a7b4a204-9524-4f1c-adff-73fde97b9d30"]
BROWSER_CHECK_READY

16:38:19.516 [debug] QUERY OK source="games" db=15.1ms queue=5.0ms
INSERT INTO "games" ("status","result","game_id","white_player_id","black_player_id","end_reason","finished_at","final_fen","initial_time_ms","increment_ms","current_turn","board_state","moves","inserted_at","updated_at","id") VALUES ($1,$2,$3,$4,$5,$6,$7,$8,$9,$10,$11,$12,$13,$14,$15,$16) ["finished", "draw", "browser-game", "a7b4a204-9524-4f1c-adff-73fde97b9d30", "5e8bd0b4-7b19-44d3-8c09-275a5b6a4191", "draw", ~U[2026-09-08 19:38:19Z], "rnbqkbnr/pppppppp/8/8/8/8/PPPPPPPP/RNBQKBNR w KQkq - 0 1", 180000, 0, "white", %{"moves" => []}, [], ~U[2026-09-08 19:38:19Z], ~U[2026-09-08 19:38:19Z], "f6006b16-ffc4-429b-a561-84252472b206"]

16:38:21.377 [info] GET /api/users/me

16:38:21.454 [debug] Processing with ChessDuelBackendWeb.UserController.me/2
  Parameters: %{}
  Pipelines: [:api, :authenticated_api]

16:38:21.509 [debug] QUERY OK source="users_tokens" db=5.0ms queue=3.8ms
SELECT u1."id", u1."email", u1."role", u1."account_status", u1."suspended_until", u1."nickname", u1."country", u1."country_code", u1."avatar_path", u1."rating", u1."bullet_rating", u1."blitz_rating", u1."rapid_rating", u1."puzzle_rating", u1."battle_rating", u1."profile_views", u1."birth_date", u1."hashed_password", u1."confirmed_at", u1."inserted_at", u1."updated_at", u0."authenticated_at", u0."inserted_at" FROM "users_tokens" AS u0 INNER JOIN "users" AS u1 ON u1."id" = u0."user_id" WHERE ((u0."token" = $1) AND (u0."context" = $2)) AND (u0."inserted_at" > $3::timestamp + (-(14)::numeric * interval '1 day')) AND (NOT (u1."confirmed_at" IS NULL)) [<<165, 230, 82, 70, 220, 54, 178, 111, 39, 2, 236, 90, 148, 112, 244, 211, 4, 236, 21, 210, 7, 147, 136, 12, 44, 206, 40, 167, 59, 102, 241, 57>>, "api", ~U[2026-09-08 19:38:21.496235Z]]

16:38:21.518 [info] Sent 401 in 140ms

16:38:21.518 [debug] Phoenix.Router halted in :authenticated_api/2

16:38:23.084 [info] POST /api/users/log_in

16:38:23.115 [debug] Processing with ChessDuelBackendWeb.UserSessionController.create/2
  Parameters: %{"user" => %{"email" => "browser_admin@example.test", "password" => "[FILTERED]"}}
  Pipelines: [:api]

16:38:23.139 [debug] QUERY OK source="users" db=1.7ms queue=1.9ms
SELECT u0."id", u0."email", u0."role", u0."account_status", u0."suspended_until", u0."nickname", u0."country", u0."country_code", u0."avatar_path", u0."rating", u0."bullet_rating", u0."blitz_rating", u0."rapid_rating", u0."puzzle_rating", u0."battle_rating", u0."profile_views", u0."birth_date", u0."hashed_password", u0."confirmed_at", u0."inserted_at", u0."updated_at" FROM "users" AS u0 WHERE (u0."email" = $1) ["browser_admin@example.test"]

16:38:23.155 [debug] QUERY OK source="users_tokens" db=3.3ms queue=2.7ms
INSERT INTO "users_tokens" ("context","token","user_id","authenticated_at","inserted_at","id") VALUES ($1,$2,$3,$4,$5,$6) ["api", <<205, 228, 217, 197, 163, 29, 14, 231, 198, 50, 111, 210, 243, 121, 204, 79, 250, 103, 106, 219, 36, 178, 77, 111, 80, 209, 44, 74, 1, 63, 91, 162>>, "5e8bd0b4-7b19-44d3-8c09-275a5b6a4191", ~N[2026-09-08 19:38:23], ~N[2026-09-08 19:38:23], "f36b896f-6a2e-4ad0-b854-c9582eceb74b"]

16:38:23.162 [info] Sent 200 in 77ms

16:38:23.202 [info] GET /api/users/me

16:38:23.203 [debug] Processing with ChessDuelBackendWeb.UserController.me/2
  Parameters: %{}
  Pipelines: [:api, :authenticated_api]

16:38:23.207 [debug] QUERY OK source="users_tokens" db=2.6ms queue=0.2ms
SELECT u1."id", u1."email", u1."role", u1."account_status", u1."suspended_until", u1."nickname", u1."country", u1."country_code", u1."avatar_path", u1."rating", u1."bullet_rating", u1."blitz_rating", u1."rapid_rating", u1."puzzle_rating", u1."battle_rating", u1."profile_views", u1."birth_date", u1."hashed_password", u1."confirmed_at", u1."inserted_at", u1."updated_at", u0."authenticated_at", u0."inserted_at" FROM "users_tokens" AS u0 INNER JOIN "users" AS u1 ON u1."id" = u0."user_id" WHERE ((u0."token" = $1) AND (u0."context" = $2)) AND (u0."inserted_at" > $3::timestamp + (-(14)::numeric * interval '1 day')) AND (NOT (u1."confirmed_at" IS NULL)) [<<205, 228, 217, 197, 163, 29, 14, 231, 198, 50, 111, 210, 243, 121, 204, 79, 250, 103, 106, 219, 36, 178, 77, 111, 80, 209, 44, 74, 1, 63, 91, 162>>, "api", ~U[2026-09-08 19:38:23.203481Z]]

16:38:23.214 [info] Sent 200 in 11ms

16:38:23.553 [info] GET /api/friendships

16:38:23.554 [debug] Processing with ChessDuelBackendWeb.FriendshipController.index/2
  Parameters: %{}
  Pipelines: [:api, :authenticated_api]

16:38:23.558 [debug] QUERY OK source="users_tokens" db=3.9ms queue=0.2ms
SELECT u1."id", u1."email", u1."role", u1."account_status", u1."suspended_until", u1."nickname", u1."country", u1."country_code", u1."avatar_path", u1."rating", u1."bullet_rating", u1."blitz_rating", u1."rapid_rating", u1."puzzle_rating", u1."battle_rating", u1."profile_views", u1."birth_date", u1."hashed_password", u1."confirmed_at", u1."inserted_at", u1."updated_at", u0."authenticated_at", u0."inserted_at" FROM "users_tokens" AS u0 INNER JOIN "users" AS u1 ON u1."id" = u0."user_id" WHERE ((u0."token" = $1) AND (u0."context" = $2)) AND (u0."inserted_at" > $3::timestamp + (-(14)::numeric * interval '1 day')) AND (NOT (u1."confirmed_at" IS NULL)) [<<205, 228, 217, 197, 163, 29, 14, 231, 198, 50, 111, 210, 243, 121, 204, 79, 250, 103, 106, 219, 36, 178, 77, 111, 80, 209, 44, 74, 1, 63, 91, 162>>, "api", ~U[2026-09-08 19:38:23.554157Z]]

16:38:23.565 [info] GET /api/users/me

16:38:23.566 [debug] Processing with ChessDuelBackendWeb.UserController.me/2
  Parameters: %{}
  Pipelines: [:api, :authenticated_api]

16:38:23.574 [debug] QUERY OK source="users_tokens" db=6.8ms queue=0.2ms
SELECT u1."id", u1."email", u1."role", u1."account_status", u1."suspended_until", u1."nickname", u1."country", u1."country_code", u1."avatar_path", u1."rating", u1."bullet_rating", u1."blitz_rating", u1."rapid_rating", u1."puzzle_rating", u1."battle_rating", u1."profile_views", u1."birth_date", u1."hashed_password", u1."confirmed_at", u1."inserted_at", u1."updated_at", u0."authenticated_at", u0."inserted_at" FROM "users_tokens" AS u0 INNER JOIN "users" AS u1 ON u1."id" = u0."user_id" WHERE ((u0."token" = $1) AND (u0."context" = $2)) AND (u0."inserted_at" > $3::timestamp + (-(14)::numeric * interval '1 day')) AND (NOT (u1."confirmed_at" IS NULL)) [<<205, 228, 217, 197, 163, 29, 14, 231, 198, 50, 111, 210, 243, 121, 204, 79, 250, 103, 106, 219, 36, 178, 77, 111, 80, 209, 44, 74, 1, 63, 91, 162>>, "api", ~U[2026-09-08 19:38:23.566346Z]]

16:38:23.574 [info] Sent 200 in 8ms

16:38:23.641 [debug] QUERY OK source="friendships" db=4.2ms queue=2.0ms
SELECT f0."id", f0."requester_id", f0."addressee_id", f0."status", f0."inserted_at", f0."updated_at" FROM "friendships" AS f0 WHERE ((f0."requester_id" = $1) OR (f0."addressee_id" = $2)) ORDER BY f0."updated_at" DESC, f0."id" DESC ["5e8bd0b4-7b19-44d3-8c09-275a5b6a4191", "5e8bd0b4-7b19-44d3-8c09-275a5b6a4191"]

16:38:23.641 [info] Sent 200 in 87ms

16:38:23.734 [info] GET /api/users/me/games

16:38:23.736 [info] GET /api/games/live

16:38:23.735 [debug] Processing with ChessDuelBackendWeb.GameHistoryController.index/2
  Parameters: %{"page" => "1", "per_page" => "5"}
  Pipelines: [:api, :authenticated_api]

16:38:23.737 [debug] Processing with ChessDuelBackendWeb.LiveGameController.index/2
  Parameters: %{}
  Pipelines: [:api]

16:38:23.737 [info] GET /api/friendships

16:38:23.737 [info] GET /api/broadcasts/live

16:38:23.737 [debug] Processing with ChessDuelBackendWeb.BroadcastController.index/2
  Parameters: %{}
  Pipelines: [:api]

16:38:23.736 [info] GET /api/users/me/games

16:38:23.737 [debug] Processing with ChessDuelBackendWeb.FriendshipController.index/2
  Parameters: %{}
  Pipelines: [:api, :authenticated_api]

16:38:23.738 [debug] Processing with ChessDuelBackendWeb.GameHistoryController.index/2
  Parameters: %{"category" => "blitz", "page" => "1", "per_page" => "5"}
  Pipelines: [:api, :authenticated_api]

16:38:23.748 [debug] QUERY OK source="users_tokens" db=4.3ms queue=0.6ms
SELECT u1."id", u1."email", u1."role", u1."account_status", u1."suspended_until", u1."nickname", u1."country", u1."country_code", u1."avatar_path", u1."rating", u1."bullet_rating", u1."blitz_rating", u1."rapid_rating", u1."puzzle_rating", u1."battle_rating", u1."profile_views", u1."birth_date", u1."hashed_password", u1."confirmed_at", u1."inserted_at", u1."updated_at", u0."authenticated_at", u0."inserted_at" FROM "users_tokens" AS u0 INNER JOIN "users" AS u1 ON u1."id" = u0."user_id" WHERE ((u0."token" = $1) AND (u0."context" = $2)) AND (u0."inserted_at" > $3::timestamp + (-(14)::numeric * interval '1 day')) AND (NOT (u1."confirmed_at" IS NULL)) [<<205, 228, 217, 197, 163, 29, 14, 231, 198, 50, 111, 210, 243, 121, 204, 79, 250, 103, 106, 219, 36, 178, 77, 111, 80, 209, 44, 74, 1, 63, 91, 162>>, "api", ~U[2026-09-08 19:38:23.738446Z]]

16:38:23.750 [debug] QUERY OK source="users_tokens" db=1.7ms queue=9.6ms
SELECT u1."id", u1."email", u1."role", u1."account_status", u1."suspended_until", u1."nickname", u1."country", u1."country_code", u1."avatar_path", u1."rating", u1."bullet_rating", u1."blitz_rating", u1."rapid_rating", u1."puzzle_rating", u1."battle_rating", u1."profile_views", u1."birth_date", u1."hashed_password", u1."confirmed_at", u1."inserted_at", u1."updated_at", u0."authenticated_at", u0."inserted_at" FROM "users_tokens" AS u0 INNER JOIN "users" AS u1 ON u1."id" = u0."user_id" WHERE ((u0."token" = $1) AND (u0."context" = $2)) AND (u0."inserted_at" > $3::timestamp + (-(14)::numeric * interval '1 day')) AND (NOT (u1."confirmed_at" IS NULL)) [<<205, 228, 217, 197, 163, 29, 14, 231, 198, 50, 111, 210, 243, 121, 204, 79, 250, 103, 106, 219, 36, 178, 77, 111, 80, 209, 44, 74, 1, 63, 91, 162>>, "api", ~U[2026-09-08 19:38:23.738720Z]]

16:38:23.757 [debug] QUERY OK source="users_tokens" db=6.9ms queue=4.5ms
SELECT u1."id", u1."email", u1."role", u1."account_status", u1."suspended_until", u1."nickname", u1."country", u1."country_code", u1."avatar_path", u1."rating", u1."bullet_rating", u1."blitz_rating", u1."rapid_rating", u1."puzzle_rating", u1."battle_rating", u1."profile_views", u1."birth_date", u1."hashed_password", u1."confirmed_at", u1."inserted_at", u1."updated_at", u0."authenticated_at", u0."inserted_at" FROM "users_tokens" AS u0 INNER JOIN "users" AS u1 ON u1."id" = u0."user_id" WHERE ((u0."token" = $1) AND (u0."context" = $2)) AND (u0."inserted_at" > $3::timestamp + (-(14)::numeric * interval '1 day')) AND (NOT (u1."confirmed_at" IS NULL)) [<<205, 228, 217, 197, 163, 29, 14, 231, 198, 50, 111, 210, 243, 121, 204, 79, 250, 103, 106, 219, 36, 178, 77, 111, 80, 209, 44, 74, 1, 63, 91, 162>>, "api", ~U[2026-09-08 19:38:23.737223Z]]

16:38:23.775 [debug] QUERY OK source="friendships" db=16.6ms queue=9.7ms
SELECT f0."id", f0."requester_id", f0."addressee_id", f0."status", f0."inserted_at", f0."updated_at" FROM "friendships" AS f0 WHERE ((f0."requester_id" = $1) OR (f0."addressee_id" = $2)) ORDER BY f0."updated_at" DESC, f0."id" DESC ["5e8bd0b4-7b19-44d3-8c09-275a5b6a4191", "5e8bd0b4-7b19-44d3-8c09-275a5b6a4191"]

16:38:23.775 [info] Sent 200 in 38ms

16:38:23.785 [debug] QUERY OK source="users_tokens" db=4.9ms queue=0.2ms
SELECT u1."id", u1."email", u1."role", u1."account_status", u1."suspended_until", u1."nickname", u1."country", u1."country_code", u1."avatar_path", u1."rating", u1."bullet_rating", u1."blitz_rating", u1."rapid_rating", u1."puzzle_rating", u1."battle_rating", u1."profile_views", u1."birth_date", u1."hashed_password", u1."confirmed_at", u1."inserted_at", u1."updated_at", u0."authenticated_at", u0."inserted_at" FROM "users_tokens" AS u0 INNER JOIN "users" AS u1 ON u1."id" = u0."user_id" WHERE ((u0."token" = $1) AND (u0."context" = $2)) AND (u0."inserted_at" > $3::timestamp + (-(14)::numeric * interval '1 day')) AND (NOT (u1."confirmed_at" IS NULL)) [<<205, 228, 217, 197, 163, 29, 14, 231, 198, 50, 111, 210, 243, 121, 204, 79, 250, 103, 106, 219, 36, 178, 77, 111, 80, 209, 44, 74, 1, 63, 91, 162>>, "api", ~U[2026-09-08 19:38:23.780079Z]]

16:38:23.786 [info] CONNECTED TO ChessDuelBackendWeb.UserSocket in 48ms
  Transport: :websocket
  Serializer: Phoenix.Socket.V2.JSONSerializer
  Parameters: %{"token" => "[FILTERED]", "vsn" => "2.0.0"}

16:38:23.835 [debug] QUERY OK source="games" db=23.6ms queue=6.5ms
SELECT count(g0."id") FROM "games" AS g0 WHERE (g0."status" = 'finished') AND ((g0."white_player_id" = $1) OR (g0."black_player_id" = $2)) AND (NOT (g0."finished_at" IS NULL)) ["5e8bd0b4-7b19-44d3-8c09-275a5b6a4191", "5e8bd0b4-7b19-44d3-8c09-275a5b6a4191"]

16:38:23.836 [info] Sent 200 in 98ms

16:38:23.843 [debug] QUERY OK source="games" db=2.4ms queue=34.0ms
SELECT count(g0."id") FROM "games" AS g0 WHERE (g0."status" = 'finished') AND ((g0."white_player_id" = $1) OR (g0."black_player_id" = $2)) AND (NOT (g0."finished_at" IS NULL)) AND ((g0."increment_ms" = 0) AND g0."initial_time_ms" IN (180000,300000)) ["5e8bd0b4-7b19-44d3-8c09-275a5b6a4191", "5e8bd0b4-7b19-44d3-8c09-275a5b6a4191"]

16:38:23.849 [debug] QUERY OK source="users" db=4.3ms queue=5.0ms
SELECT u0."id", u0."email", u0."role", u0."account_status", u0."suspended_until", u0."nickname", u0."country", u0."country_code", u0."avatar_path", u0."rating", u0."bullet_rating", u0."blitz_rating", u0."rapid_rating", u0."puzzle_rating", u0."battle_rating", u0."profile_views", u0."birth_date", u0."hashed_password", u0."confirmed_at", u0."inserted_at", u0."updated_at" FROM "users" AS u0 WHERE (u0."id" = ANY($1)) [[]]

16:38:23.850 [info] Sent 200 in 113ms

16:38:23.896 [debug] QUERY OK source="games" db=7.1ms queue=15.9ms
SELECT g0."id", g0."game_id", g0."status", g0."board_state", g0."current_turn", g0."white_player_id", g0."black_player_id", g0."moves", g0."final_fen", g0."result", g0."end_reason", g0."white_time_remaining_ms", g0."black_time_remaining_ms", g0."initial_time_ms", g0."increment_ms", g0."finished_at", g0."rated_at", g0."white_rating_before", g0."white_rating_after", g0."black_rating_before", g0."black_rating_after", g0."bot_id", g0."bot_color", g0."preparation_ends_at", g0."inserted_at", g0."updated_at" FROM "games" AS g0 WHERE (g0."status" = 'finished') AND ((g0."white_player_id" = $1) OR (g0."black_player_id" = $2)) AND (NOT (g0."finished_at" IS NULL)) AND ((g0."increment_ms" = 0) AND g0."initial_time_ms" IN (180000,300000)) ORDER BY g0."finished_at" DESC, g0."id" DESC LIMIT $3 OFFSET $4 ["5e8bd0b4-7b19-44d3-8c09-275a5b6a4191", "5e8bd0b4-7b19-44d3-8c09-275a5b6a4191", 5, 0]

16:38:23.904 [debug] QUERY OK source="games" db=6.2ms queue=25.0ms
SELECT g0."id", g0."game_id", g0."status", g0."board_state", g0."current_turn", g0."white_player_id", g0."black_player_id", g0."moves", g0."final_fen", g0."result", g0."end_reason", g0."white_time_remaining_ms", g0."black_time_remaining_ms", g0."initial_time_ms", g0."increment_ms", g0."finished_at", g0."rated_at", g0."white_rating_before", g0."white_rating_after", g0."black_rating_before", g0."black_rating_after", g0."bot_id", g0."bot_color", g0."preparation_ends_at", g0."inserted_at", g0."updated_at" FROM "games" AS g0 WHERE (g0."status" = 'finished') AND ((g0."white_player_id" = $1) OR (g0."black_player_id" = $2)) AND (NOT (g0."finished_at" IS NULL)) ORDER BY g0."finished_at" DESC, g0."id" DESC LIMIT $3 OFFSET $4 ["5e8bd0b4-7b19-44d3-8c09-275a5b6a4191", "5e8bd0b4-7b19-44d3-8c09-275a5b6a4191", 5, 0]

16:38:23.920 [debug] QUERY OK source="users" db=5.1ms queue=18.4ms
SELECT u0."id", u0."nickname" FROM "users" AS u0 WHERE (u0."id" = ANY($1)) [["a7b4a204-9524-4f1c-adff-73fde97b9d30"]]

16:38:23.931 [debug] QUERY OK source="users" db=1.4ms queue=24.6ms
SELECT u0."id", u0."nickname" FROM "users" AS u0 WHERE (u0."id" = ANY($1)) [["a7b4a204-9524-4f1c-adff-73fde97b9d30"]]

16:38:23.957 [debug] QUERY OK source="rating_changes" db=13.2ms queue=18.4ms
SELECT r0."game_id", r0."change", r0."category" FROM "rating_changes" AS r0 WHERE ((r0."user_id" = $1) AND r0."game_id" = ANY($2)) ["5e8bd0b4-7b19-44d3-8c09-275a5b6a4191", ["f6006b16-ffc4-429b-a561-84252472b206"]]

16:38:23.973 [debug] QUERY OK source="rating_changes" db=6.4ms queue=34.8ms
SELECT r0."game_id", r0."change", r0."category" FROM "rating_changes" AS r0 WHERE ((r0."user_id" = $1) AND r0."game_id" = ANY($2)) ["5e8bd0b4-7b19-44d3-8c09-275a5b6a4191", ["f6006b16-ffc4-429b-a561-84252472b206"]]

16:38:23.973 [info] Sent 200 in 238ms

16:38:23.993 [debug] QUERY OK source="rating_changes" db=9.9ms queue=26.1ms
SELECT r0."category", r0."rating_before", r0."rating_after", r0."change", r0."inserted_at" FROM "rating_changes" AS r0 WHERE (r0."user_id" = $1) AND (r0."category" = $2) ORDER BY r0."inserted_at" DESC, r0."id" DESC LIMIT $3 ["5e8bd0b4-7b19-44d3-8c09-275a5b6a4191", :blitz, 20]

16:38:23.996 [info] Sent 200 in 259ms

16:38:24.040 [debug] QUERY OK source="users" db=1.9ms queue=5.2ms
SELECT u0."id", u0."email", u0."role", u0."account_status", u0."suspended_until", u0."nickname", u0."country", u0."country_code", u0."avatar_path", u0."rating", u0."bullet_rating", u0."blitz_rating", u0."rapid_rating", u0."puzzle_rating", u0."battle_rating", u0."profile_views", u0."birth_date", u0."hashed_password", u0."confirmed_at", u0."inserted_at", u0."updated_at" FROM "users" AS u0 WHERE (u0."id" = $1) ["5e8bd0b4-7b19-44d3-8c09-275a5b6a4191"]

16:38:24.041 [info] JOINED games:lobby in 18ms
  Parameters: %{"status" => "online"}

16:38:24.061 [debug] QUERY OK source="users" db=1.9ms queue=0.1ms
SELECT u0."id", u0."email", u0."role", u0."account_status", u0."suspended_until", u0."nickname", u0."country", u0."country_code", u0."avatar_path", u0."rating", u0."bullet_rating", u0."blitz_rating", u0."rapid_rating", u0."puzzle_rating", u0."battle_rating", u0."profile_views", u0."birth_date", u0."hashed_password", u0."confirmed_at", u0."inserted_at", u0."updated_at" FROM "users" AS u0 WHERE (u0."id" = $1) ["5e8bd0b4-7b19-44d3-8c09-275a5b6a4191"]

16:38:24.061 [info] JOINED matchmaking:5e8bd0b4-7b19-44d3-8c09-275a5b6a4191 in 2ms
  Parameters: %{}

16:38:24.081 [debug] QUERY OK source="users" db=1.7ms queue=0.1ms
SELECT u0."id", u0."email", u0."role", u0."account_status", u0."suspended_until", u0."nickname", u0."country", u0."country_code", u0."avatar_path", u0."rating", u0."bullet_rating", u0."blitz_rating", u0."rapid_rating", u0."puzzle_rating", u0."battle_rating", u0."profile_views", u0."birth_date", u0."hashed_password", u0."confirmed_at", u0."inserted_at", u0."updated_at" FROM "users" AS u0 WHERE (u0."id" = $1) ["5e8bd0b4-7b19-44d3-8c09-275a5b6a4191"]

16:38:24.083 [info] JOINED private_rooms:5e8bd0b4-7b19-44d3-8c09-275a5b6a4191 in 2ms
  Parameters: %{}

16:38:24.922 [info] GET /api/users/me

16:38:24.923 [debug] Processing with ChessDuelBackendWeb.UserController.me/2
  Parameters: %{}
  Pipelines: [:api, :authenticated_api]

16:38:24.926 [debug] QUERY OK source="users_tokens" db=1.9ms queue=0.1ms
SELECT u1."id", u1."email", u1."role", u1."account_status", u1."suspended_until", u1."nickname", u1."country", u1."country_code", u1."avatar_path", u1."rating", u1."bullet_rating", u1."blitz_rating", u1."rapid_rating", u1."puzzle_rating", u1."battle_rating", u1."profile_views", u1."birth_date", u1."hashed_password", u1."confirmed_at", u1."inserted_at", u1."updated_at", u0."authenticated_at", u0."inserted_at" FROM "users_tokens" AS u0 INNER JOIN "users" AS u1 ON u1."id" = u0."user_id" WHERE ((u0."token" = $1) AND (u0."context" = $2)) AND (u0."inserted_at" > $3::timestamp + (-(14)::numeric * interval '1 day')) AND (NOT (u1."confirmed_at" IS NULL)) [<<205, 228, 217, 197, 163, 29, 14, 231, 198, 50, 111, 210, 243, 121, 204, 79, 250, 103, 106, 219, 36, 178, 77, 111, 80, 209, 44, 74, 1, 63, 91, 162>>, "api", ~U[2026-09-08 19:38:24.923201Z]]

16:38:24.927 [info] Sent 200 in 4ms

16:38:25.140 [info] GET /api/friendships

16:38:25.140 [debug] Processing with ChessDuelBackendWeb.FriendshipController.index/2
  Parameters: %{}
  Pipelines: [:api, :authenticated_api]

16:38:25.141 [info] GET /api/admin/dashboard

16:38:25.142 [debug] Processing with ChessDuelBackendWeb.AdminController.dashboard/2
  Parameters: %{}
  Pipelines: [:api, :authenticated_api, :admin_api]

16:38:25.142 [debug] QUERY OK source="users_tokens" db=1.1ms queue=0.1ms
SELECT u1."id", u1."email", u1."role", u1."account_status", u1."suspended_until", u1."nickname", u1."country", u1."country_code", u1."avatar_path", u1."rating", u1."bullet_rating", u1."blitz_rating", u1."rapid_rating", u1."puzzle_rating", u1."battle_rating", u1."profile_views", u1."birth_date", u1."hashed_password", u1."confirmed_at", u1."inserted_at", u1."updated_at", u0."authenticated_at", u0."inserted_at" FROM "users_tokens" AS u0 INNER JOIN "users" AS u1 ON u1."id" = u0."user_id" WHERE ((u0."token" = $1) AND (u0."context" = $2)) AND (u0."inserted_at" > $3::timestamp + (-(14)::numeric * interval '1 day')) AND (NOT (u1."confirmed_at" IS NULL)) [<<205, 228, 217, 197, 163, 29, 14, 231, 198, 50, 111, 210, 243, 121, 204, 79, 250, 103, 106, 219, 36, 178, 77, 111, 80, 209, 44, 74, 1, 63, 91, 162>>, "api", ~U[2026-09-08 19:38:25.141064Z]]

16:38:25.144 [debug] QUERY OK source="users_tokens" db=1.6ms queue=0.3ms
SELECT u1."id", u1."email", u1."role", u1."account_status", u1."suspended_until", u1."nickname", u1."country", u1."country_code", u1."avatar_path", u1."rating", u1."bullet_rating", u1."blitz_rating", u1."rapid_rating", u1."puzzle_rating", u1."battle_rating", u1."profile_views", u1."birth_date", u1."hashed_password", u1."confirmed_at", u1."inserted_at", u1."updated_at", u0."authenticated_at", u0."inserted_at" FROM "users_tokens" AS u0 INNER JOIN "users" AS u1 ON u1."id" = u0."user_id" WHERE ((u0."token" = $1) AND (u0."context" = $2)) AND (u0."inserted_at" > $3::timestamp + (-(14)::numeric * interval '1 day')) AND (NOT (u1."confirmed_at" IS NULL)) [<<205, 228, 217, 197, 163, 29, 14, 231, 198, 50, 111, 210, 243, 121, 204, 79, 250, 103, 106, 219, 36, 178, 77, 111, 80, 209, 44, 74, 1, 63, 91, 162>>, "api", ~U[2026-09-08 19:38:25.142211Z]]

16:38:25.148 [debug] QUERY OK source="friendships" db=4.0ms queue=1.4ms
SELECT f0."id", f0."requester_id", f0."addressee_id", f0."status", f0."inserted_at", f0."updated_at" FROM "friendships" AS f0 WHERE ((f0."requester_id" = $1) OR (f0."addressee_id" = $2)) ORDER BY f0."updated_at" DESC, f0."id" DESC ["5e8bd0b4-7b19-44d3-8c09-275a5b6a4191", "5e8bd0b4-7b19-44d3-8c09-275a5b6a4191"]

16:38:25.150 [info] Sent 200 in 10ms

16:38:25.221 [debug] QUERY OK source="oban_jobs" db=5.5ms queue=5.3ms
SELECT o0."state", count(o0."id") FROM "oban_jobs" AS o0 WHERE (o0."worker" = 'ChessDuelBackend.GameAnalysis.Job') GROUP BY o0."state" []

16:38:25.227 [debug] QUERY OK source="users" db=2.2ms queue=3.5ms
SELECT count(*) FROM "users" AS u0 []

16:38:25.232 [debug] QUERY OK source="games" db=2.0ms queue=2.3ms
SELECT count(*) FROM "games" AS g0 WHERE ((g0."inserted_at" >= $1) AND (g0."inserted_at" < $2)) [~U[2026-09-08 00:00:00Z], ~U[2026-09-09 00:00:00Z]]

16:38:25.239 [debug] QUERY OK source="games" db=3.4ms queue=3.2ms
SELECT count(*) FROM "games" AS g0 WHERE ((g0."inserted_at" >= $1) AND (g0."inserted_at" < $2)) AND (NOT (g0."bot_id" IS NULL)) [~U[2026-09-08 00:00:00Z], ~U[2026-09-09 00:00:00Z]]

16:38:25.240 [info] Sent 200 in 98ms

16:38:27.427 [info] GET /api/users/me

16:38:27.428 [debug] Processing with ChessDuelBackendWeb.UserController.me/2
  Parameters: %{}
  Pipelines: [:api, :authenticated_api]

16:38:27.435 [debug] QUERY OK source="users_tokens" db=5.3ms queue=0.2ms
SELECT u1."id", u1."email", u1."role", u1."account_status", u1."suspended_until", u1."nickname", u1."country", u1."country_code", u1."avatar_path", u1."rating", u1."bullet_rating", u1."blitz_rating", u1."rapid_rating", u1."puzzle_rating", u1."battle_rating", u1."profile_views", u1."birth_date", u1."hashed_password", u1."confirmed_at", u1."inserted_at", u1."updated_at", u0."authenticated_at", u0."inserted_at" FROM "users_tokens" AS u0 INNER JOIN "users" AS u1 ON u1."id" = u0."user_id" WHERE ((u0."token" = $1) AND (u0."context" = $2)) AND (u0."inserted_at" > $3::timestamp + (-(14)::numeric * interval '1 day')) AND (NOT (u1."confirmed_at" IS NULL)) [<<205, 228, 217, 197, 163, 29, 14, 231, 198, 50, 111, 210, 243, 121, 204, 79, 250, 103, 106, 219, 36, 178, 77, 111, 80, 209, 44, 74, 1, 63, 91, 162>>, "api", ~U[2026-09-08 19:38:27.428699Z]]

16:38:27.436 [info] Sent 200 in 8ms

16:38:27.753 [info] GET /api/friendships

16:38:27.753 [debug] Processing with ChessDuelBackendWeb.FriendshipController.index/2
  Parameters: %{}
  Pipelines: [:api, :authenticated_api]

16:38:27.755 [info] GET /api/admin/users

16:38:27.755 [debug] Processing with ChessDuelBackendWeb.AdminController.users/2
  Parameters: %{"page" => "1", "q" => "", "status" => ""}
  Pipelines: [:api, :authenticated_api, :admin_api]

16:38:27.759 [debug] QUERY OK source="users_tokens" db=4.9ms queue=0.1ms
SELECT u1."id", u1."email", u1."role", u1."account_status", u1."suspended_until", u1."nickname", u1."country", u1."country_code", u1."avatar_path", u1."rating", u1."bullet_rating", u1."blitz_rating", u1."rapid_rating", u1."puzzle_rating", u1."battle_rating", u1."profile_views", u1."birth_date", u1."hashed_password", u1."confirmed_at", u1."inserted_at", u1."updated_at", u0."authenticated_at", u0."inserted_at" FROM "users_tokens" AS u0 INNER JOIN "users" AS u1 ON u1."id" = u0."user_id" WHERE ((u0."token" = $1) AND (u0."context" = $2)) AND (u0."inserted_at" > $3::timestamp + (-(14)::numeric * interval '1 day')) AND (NOT (u1."confirmed_at" IS NULL)) [<<205, 228, 217, 197, 163, 29, 14, 231, 198, 50, 111, 210, 243, 121, 204, 79, 250, 103, 106, 219, 36, 178, 77, 111, 80, 209, 44, 74, 1, 63, 91, 162>>, "api", ~U[2026-09-08 19:38:27.753797Z]]

16:38:27.763 [debug] QUERY OK source="users_tokens" db=3.6ms queue=3.3ms
SELECT u1."id", u1."email", u1."role", u1."account_status", u1."suspended_until", u1."nickname", u1."country", u1."country_code", u1."avatar_path", u1."rating", u1."bullet_rating", u1."blitz_rating", u1."rapid_rating", u1."puzzle_rating", u1."battle_rating", u1."profile_views", u1."birth_date", u1."hashed_password", u1."confirmed_at", u1."inserted_at", u1."updated_at", u0."authenticated_at", u0."inserted_at" FROM "users_tokens" AS u0 INNER JOIN "users" AS u1 ON u1."id" = u0."user_id" WHERE ((u0."token" = $1) AND (u0."context" = $2)) AND (u0."inserted_at" > $3::timestamp + (-(14)::numeric * interval '1 day')) AND (NOT (u1."confirmed_at" IS NULL)) [<<205, 228, 217, 197, 163, 29, 14, 231, 198, 50, 111, 210, 243, 121, 204, 79, 250, 103, 106, 219, 36, 178, 77, 111, 80, 209, 44, 74, 1, 63, 91, 162>>, "api", ~U[2026-09-08 19:38:27.755664Z]]

16:38:27.768 [debug] QUERY OK source="friendships" db=3.4ms queue=5.0ms
SELECT f0."id", f0."requester_id", f0."addressee_id", f0."status", f0."inserted_at", f0."updated_at" FROM "friendships" AS f0 WHERE ((f0."requester_id" = $1) OR (f0."addressee_id" = $2)) ORDER BY f0."updated_at" DESC, f0."id" DESC ["5e8bd0b4-7b19-44d3-8c09-275a5b6a4191", "5e8bd0b4-7b19-44d3-8c09-275a5b6a4191"]

16:38:27.768 [info] Sent 200 in 15ms

16:38:27.770 [debug] QUERY OK source="users" db=1.8ms queue=3.6ms
SELECT count(*) FROM "users" AS u0 []

16:38:27.776 [debug] QUERY OK source="users" db=3.2ms queue=1.8ms
SELECT u0."id", u0."email", u0."role", u0."account_status", u0."suspended_until", u0."nickname", u0."country", u0."country_code", u0."avatar_path", u0."rating", u0."bullet_rating", u0."blitz_rating", u0."rapid_rating", u0."puzzle_rating", u0."battle_rating", u0."profile_views", u0."birth_date", u0."hashed_password", u0."confirmed_at", u0."inserted_at", u0."updated_at" FROM "users" AS u0 ORDER BY u0."inserted_at" DESC, u0."id" DESC LIMIT $1 OFFSET $2 [20, 0]

16:38:27.786 [info] Sent 200 in 31ms

16:38:28.226 [info] GET /api/users/me

16:38:28.226 [debug] Processing with ChessDuelBackendWeb.UserController.me/2
  Parameters: %{}
  Pipelines: [:api, :authenticated_api]

16:38:28.228 [debug] QUERY OK source="users_tokens" db=1.5ms queue=0.1ms
SELECT u1."id", u1."email", u1."role", u1."account_status", u1."suspended_until", u1."nickname", u1."country", u1."country_code", u1."avatar_path", u1."rating", u1."bullet_rating", u1."blitz_rating", u1."rapid_rating", u1."puzzle_rating", u1."battle_rating", u1."profile_views", u1."birth_date", u1."hashed_password", u1."confirmed_at", u1."inserted_at", u1."updated_at", u0."authenticated_at", u0."inserted_at" FROM "users_tokens" AS u0 INNER JOIN "users" AS u1 ON u1."id" = u0."user_id" WHERE ((u0."token" = $1) AND (u0."context" = $2)) AND (u0."inserted_at" > $3::timestamp + (-(14)::numeric * interval '1 day')) AND (NOT (u1."confirmed_at" IS NULL)) [<<205, 228, 217, 197, 163, 29, 14, 231, 198, 50, 111, 210, 243, 121, 204, 79, 250, 103, 106, 219, 36, 178, 77, 111, 80, 209, 44, 74, 1, 63, 91, 162>>, "api", ~U[2026-09-08 19:38:28.226743Z]]

16:38:28.229 [info] Sent 200 in 3ms

16:38:30.181 [info] GET /api/admin/users/a7b4a204-9524-4f1c-adff-73fde97b9d30

16:38:30.182 [debug] Processing with ChessDuelBackendWeb.AdminController.user/2
  Parameters: %{"id" => "a7b4a204-9524-4f1c-adff-73fde97b9d30"}
  Pipelines: [:api, :authenticated_api, :admin_api]

16:38:30.185 [debug] QUERY OK source="users_tokens" db=1.7ms queue=0.4ms
SELECT u1."id", u1."email", u1."role", u1."account_status", u1."suspended_until", u1."nickname", u1."country", u1."country_code", u1."avatar_path", u1."rating", u1."bullet_rating", u1."blitz_rating", u1."rapid_rating", u1."puzzle_rating", u1."battle_rating", u1."profile_views", u1."birth_date", u1."hashed_password", u1."confirmed_at", u1."inserted_at", u1."updated_at", u0."authenticated_at", u0."inserted_at" FROM "users_tokens" AS u0 INNER JOIN "users" AS u1 ON u1."id" = u0."user_id" WHERE ((u0."token" = $1) AND (u0."context" = $2)) AND (u0."inserted_at" > $3::timestamp + (-(14)::numeric * interval '1 day')) AND (NOT (u1."confirmed_at" IS NULL)) [<<205, 228, 217, 197, 163, 29, 14, 231, 198, 50, 111, 210, 243, 121, 204, 79, 250, 103, 106, 219, 36, 178, 77, 111, 80, 209, 44, 74, 1, 63, 91, 162>>, "api", ~U[2026-09-08 19:38:30.182322Z]]

16:38:30.188 [debug] QUERY OK source="users" db=1.7ms queue=0.3ms
SELECT u0."id", u0."email", u0."role", u0."account_status", u0."suspended_until", u0."nickname", u0."country", u0."country_code", u0."avatar_path", u0."rating", u0."bullet_rating", u0."blitz_rating", u0."rapid_rating", u0."puzzle_rating", u0."battle_rating", u0."profile_views", u0."birth_date", u0."hashed_password", u0."confirmed_at", u0."inserted_at", u0."updated_at" FROM "users" AS u0 WHERE (u0."id" = $1) ["a7b4a204-9524-4f1c-adff-73fde97b9d30"]

16:38:30.219 [debug] QUERY OK source="moderation_actions" db=12.5ms queue=6.0ms
SELECT m0."id", m0."target_user_id", m0."admin_user_id", m0."action", m0."reason", m0."suspended_until", m0."inserted_at" FROM "moderation_actions" AS m0 WHERE (m0."target_user_id" = $1) ORDER BY m0."inserted_at" DESC, m0."id" DESC LIMIT 50 ["a7b4a204-9524-4f1c-adff-73fde97b9d30"]

16:38:30.226 [debug] QUERY OK source="games" db=3.2ms queue=2.7ms
SELECT count(g0."id"), count(g0."id") FILTER (WHERE g0."status" = 'finished'), count(g0."id") FILTER (WHERE NOT (g0."bot_id" IS NULL)), count(g0."id") FILTER (WHERE ((g0."white_player_id" = $1) AND (g0."result" = 'white_wins')) OR ((g0."black_player_id" = $2) AND (g0."result" = 'black_wins'))) FROM "games" AS g0 WHERE ((g0."white_player_id" = $3) OR (g0."black_player_id" = $4)) ["a7b4a204-9524-4f1c-adff-73fde97b9d30", "a7b4a204-9524-4f1c-adff-73fde97b9d30", "a7b4a204-9524-4f1c-adff-73fde97b9d30", "a7b4a204-9524-4f1c-adff-73fde97b9d30"]

16:38:30.226 [info] Sent 200 in 45ms

16:38:30.436 [info] POST /api/users/log_in

16:38:30.437 [debug] Processing with ChessDuelBackendWeb.UserSessionController.create/2
  Parameters: %{"email" => "browser_player@example.test", "password" => "[FILTERED]"}
  Pipelines: [:api]

16:38:30.440 [debug] QUERY OK source="users" db=2.3ms queue=0.2ms
SELECT u0."id", u0."email", u0."role", u0."account_status", u0."suspended_until", u0."nickname", u0."country", u0."country_code", u0."avatar_path", u0."rating", u0."bullet_rating", u0."blitz_rating", u0."rapid_rating", u0."puzzle_rating", u0."battle_rating", u0."profile_views", u0."birth_date", u0."hashed_password", u0."confirmed_at", u0."inserted_at", u0."updated_at" FROM "users" AS u0 WHERE (u0."email" = $1) ["browser_player@example.test"]

16:38:30.446 [debug] QUERY OK source="users_tokens" db=2.5ms queue=0.2ms
INSERT INTO "users_tokens" ("context","token","user_id","authenticated_at","inserted_at","id") VALUES ($1,$2,$3,$4,$5,$6) ["api", <<123, 143, 154, 128, 19, 65, 172, 166, 197, 151, 102, 6, 115, 0, 174, 153, 200, 128, 125, 244, 13, 197, 96, 24, 196, 152, 222, 20, 108, 87, 191, 64>>, "a7b4a204-9524-4f1c-adff-73fde97b9d30", ~N[2026-09-08 19:38:30], ~N[2026-09-08 19:38:30], "5352b4ca-7daf-4217-8431-7745f61ecda3"]

16:38:30.446 [info] Sent 200 in 9ms

16:38:30.514 [debug] QUERY OK source="users_tokens" db=1.7ms queue=0.2ms
SELECT u1."id", u1."email", u1."role", u1."account_status", u1."suspended_until", u1."nickname", u1."country", u1."country_code", u1."avatar_path", u1."rating", u1."bullet_rating", u1."blitz_rating", u1."rapid_rating", u1."puzzle_rating", u1."battle_rating", u1."profile_views", u1."birth_date", u1."hashed_password", u1."confirmed_at", u1."inserted_at", u1."updated_at", u0."authenticated_at", u0."inserted_at" FROM "users_tokens" AS u0 INNER JOIN "users" AS u1 ON u1."id" = u0."user_id" WHERE ((u0."token" = $1) AND (u0."context" = $2)) AND (u0."inserted_at" > $3::timestamp + (-(14)::numeric * interval '1 day')) AND (NOT (u1."confirmed_at" IS NULL)) [<<123, 143, 154, 128, 19, 65, 172, 166, 197, 151, 102, 6, 115, 0, 174, 153, 200, 128, 125, 244, 13, 197, 96, 24, 196, 152, 222, 20, 108, 87, 191, 64>>, "api", ~U[2026-09-08 19:38:30.512053Z]]

16:38:30.514 [info] CONNECTED TO ChessDuelBackendWeb.UserSocket in 2ms
  Transport: :websocket
  Serializer: Phoenix.Socket.V2.JSONSerializer
  Parameters: %{"token" => "[FILTERED]", "vsn" => "2.0.0"}

16:38:31.766 [info] POST /api/admin/users/a7b4a204-9524-4f1c-adff-73fde97b9d30/suspend

16:38:31.767 [debug] Processing with ChessDuelBackendWeb.AdminController.suspend/2
  Parameters: %{"id" => "a7b4a204-9524-4f1c-adff-73fde97b9d30", "reason" => "Verificação de suspensão pelo navegador", "suspended_until" => "2026-09-08T20:38:31.743Z"}
  Pipelines: [:api, :authenticated_api, :admin_api]

16:38:31.771 [debug] QUERY OK source="users_tokens" db=2.2ms queue=0.4ms
SELECT u1."id", u1."email", u1."role", u1."account_status", u1."suspended_until", u1."nickname", u1."country", u1."country_code", u1."avatar_path", u1."rating", u1."bullet_rating", u1."blitz_rating", u1."rapid_rating", u1."puzzle_rating", u1."battle_rating", u1."profile_views", u1."birth_date", u1."hashed_password", u1."confirmed_at", u1."inserted_at", u1."updated_at", u0."authenticated_at", u0."inserted_at" FROM "users_tokens" AS u0 INNER JOIN "users" AS u1 ON u1."id" = u0."user_id" WHERE ((u0."token" = $1) AND (u0."context" = $2)) AND (u0."inserted_at" > $3::timestamp + (-(14)::numeric * interval '1 day')) AND (NOT (u1."confirmed_at" IS NULL)) [<<205, 228, 217, 197, 163, 29, 14, 231, 198, 50, 111, 210, 243, 121, 204, 79, 250, 103, 106, 219, 36, 178, 77, 111, 80, 209, 44, 74, 1, 63, 91, 162>>, "api", ~U[2026-09-08 19:38:31.767837Z]]

16:38:31.780 [debug] QUERY OK db=1.2ms queue=0.1ms
begin []

16:38:31.786 [debug] QUERY OK source="users" db=3.1ms
SELECT u0."id", u0."email", u0."role", u0."account_status", u0."suspended_until", u0."nickname", u0."country", u0."country_code", u0."avatar_path", u0."rating", u0."bullet_rating", u0."blitz_rating", u0."rapid_rating", u0."puzzle_rating", u0."battle_rating", u0."profile_views", u0."birth_date", u0."hashed_password", u0."confirmed_at", u0."inserted_at", u0."updated_at" FROM "users" AS u0 WHERE (u0."id" = ANY($1)) ORDER BY u0."id" FOR UPDATE [["5e8bd0b4-7b19-44d3-8c09-275a5b6a4191", "a7b4a204-9524-4f1c-adff-73fde97b9d30"]]

16:38:31.797 [debug] QUERY OK source="users" db=1.3ms
UPDATE "users" SET "account_status" = $1, "suspended_until" = $2, "updated_at" = $3 WHERE "id" = $4 [:suspended, ~U[2026-09-08 20:38:31.743000Z], ~N[2026-09-08 19:38:31], "a7b4a204-9524-4f1c-adff-73fde97b9d30"]

16:38:31.804 [debug] QUERY OK source="moderation_actions" db=5.6ms
INSERT INTO "moderation_actions" ("reason","action","suspended_until","admin_user_id","target_user_id","inserted_at","id") VALUES ($1,$2,$3,$4,$5,$6,$7) ["Verificação de suspensão pelo navegador", :suspend, ~U[2026-09-08 20:38:31.743000Z], "5e8bd0b4-7b19-44d3-8c09-275a5b6a4191", "a7b4a204-9524-4f1c-adff-73fde97b9d30", ~U[2026-09-08 19:38:31.797577Z], "0d14ec99-8ae5-4cdc-a7a1-d79dd3ce7e15"]

16:38:31.806 [debug] QUERY OK db=1.2ms
commit []

16:38:31.806 [info] Sent 200 in 39ms

16:38:31.816 [info] GET /api/admin/users/a7b4a204-9524-4f1c-adff-73fde97b9d30

16:38:31.816 [debug] Processing with ChessDuelBackendWeb.AdminController.user/2
  Parameters: %{"id" => "a7b4a204-9524-4f1c-adff-73fde97b9d30"}
  Pipelines: [:api, :authenticated_api, :admin_api]

16:38:31.819 [debug] QUERY OK source="users_tokens" db=1.4ms queue=0.1ms
SELECT u1."id", u1."email", u1."role", u1."account_status", u1."suspended_until", u1."nickname", u1."country", u1."country_code", u1."avatar_path", u1."rating", u1."bullet_rating", u1."blitz_rating", u1."rapid_rating", u1."puzzle_rating", u1."battle_rating", u1."profile_views", u1."birth_date", u1."hashed_password", u1."confirmed_at", u1."inserted_at", u1."updated_at", u0."authenticated_at", u0."inserted_at" FROM "users_tokens" AS u0 INNER JOIN "users" AS u1 ON u1."id" = u0."user_id" WHERE ((u0."token" = $1) AND (u0."context" = $2)) AND (u0."inserted_at" > $3::timestamp + (-(14)::numeric * interval '1 day')) AND (NOT (u1."confirmed_at" IS NULL)) [<<205, 228, 217, 197, 163, 29, 14, 231, 198, 50, 111, 210, 243, 121, 204, 79, 250, 103, 106, 219, 36, 178, 77, 111, 80, 209, 44, 74, 1, 63, 91, 162>>, "api", ~U[2026-09-08 19:38:31.816963Z]]

16:38:31.821 [debug] QUERY OK source="users" db=1.6ms queue=0.2ms
SELECT u0."id", u0."email", u0."role", u0."account_status", u0."suspended_until", u0."nickname", u0."country", u0."country_code", u0."avatar_path", u0."rating", u0."bullet_rating", u0."blitz_rating", u0."rapid_rating", u0."puzzle_rating", u0."battle_rating", u0."profile_views", u0."birth_date", u0."hashed_password", u0."confirmed_at", u0."inserted_at", u0."updated_at" FROM "users" AS u0 WHERE (u0."id" = $1) ["a7b4a204-9524-4f1c-adff-73fde97b9d30"]

16:38:31.823 [debug] QUERY OK source="moderation_actions" db=1.4ms queue=0.3ms
SELECT m0."id", m0."target_user_id", m0."admin_user_id", m0."action", m0."reason", m0."suspended_until", m0."inserted_at" FROM "moderation_actions" AS m0 WHERE (m0."target_user_id" = $1) ORDER BY m0."inserted_at" DESC, m0."id" DESC LIMIT 50 ["a7b4a204-9524-4f1c-adff-73fde97b9d30"]

16:38:31.826 [debug] QUERY OK source="users" db=1.0ms queue=1.2ms
SELECT u0."id", u0."email", u0."role", u0."account_status", u0."suspended_until", u0."nickname", u0."country", u0."country_code", u0."avatar_path", u0."rating", u0."bullet_rating", u0."blitz_rating", u0."rapid_rating", u0."puzzle_rating", u0."battle_rating", u0."profile_views", u0."birth_date", u0."hashed_password", u0."confirmed_at", u0."inserted_at", u0."updated_at", u0."id" FROM "users" AS u0 WHERE (u0."id" = $1) ["5e8bd0b4-7b19-44d3-8c09-275a5b6a4191"]

16:38:31.830 [debug] QUERY OK source="games" db=3.4ms queue=0.2ms
SELECT count(g0."id"), count(g0."id") FILTER (WHERE g0."status" = 'finished'), count(g0."id") FILTER (WHERE NOT (g0."bot_id" IS NULL)), count(g0."id") FILTER (WHERE ((g0."white_player_id" = $1) AND (g0."result" = 'white_wins')) OR ((g0."black_player_id" = $2) AND (g0."result" = 'black_wins'))) FROM "games" AS g0 WHERE ((g0."white_player_id" = $3) OR (g0."black_player_id" = $4)) ["a7b4a204-9524-4f1c-adff-73fde97b9d30", "a7b4a204-9524-4f1c-adff-73fde97b9d30", "a7b4a204-9524-4f1c-adff-73fde97b9d30", "a7b4a204-9524-4f1c-adff-73fde97b9d30"]

16:38:31.831 [info] Sent 200 in 14ms

16:38:32.593 [info] GET /api/users/me

16:38:32.594 [debug] Processing with ChessDuelBackendWeb.UserController.me/2
  Parameters: %{}
  Pipelines: [:api, :authenticated_api]

16:38:32.596 [debug] QUERY OK source="users_tokens" db=1.6ms queue=0.1ms
SELECT u1."id", u1."email", u1."role", u1."account_status", u1."suspended_until", u1."nickname", u1."country", u1."country_code", u1."avatar_path", u1."rating", u1."bullet_rating", u1."blitz_rating", u1."rapid_rating", u1."puzzle_rating", u1."battle_rating", u1."profile_views", u1."birth_date", u1."hashed_password", u1."confirmed_at", u1."inserted_at", u1."updated_at", u0."authenticated_at", u0."inserted_at" FROM "users_tokens" AS u0 INNER JOIN "users" AS u1 ON u1."id" = u0."user_id" WHERE ((u0."token" = $1) AND (u0."context" = $2)) AND (u0."inserted_at" > $3::timestamp + (-(14)::numeric * interval '1 day')) AND (NOT (u1."confirmed_at" IS NULL)) [<<123, 143, 154, 128, 19, 65, 172, 166, 197, 151, 102, 6, 115, 0, 174, 153, 200, 128, 125, 244, 13, 197, 96, 24, 196, 152, 222, 20, 108, 87, 191, 64>>, "api", ~U[2026-09-08 19:38:32.594325Z]]

16:38:32.596 [info] Sent 403 in 3ms

16:38:32.597 [debug] Phoenix.Router halted in :authenticated_api/2

16:38:33.315 [info] POST /api/admin/users/a7b4a204-9524-4f1c-adff-73fde97b9d30/reactivate

16:38:33.315 [debug] Processing with ChessDuelBackendWeb.AdminController.reactivate/2
  Parameters: %{"id" => "a7b4a204-9524-4f1c-adff-73fde97b9d30", "reason" => "Revisão de suspensão"}
  Pipelines: [:api, :authenticated_api, :admin_api]

16:38:33.318 [debug] QUERY OK source="users_tokens" db=1.5ms queue=0.1ms
SELECT u1."id", u1."email", u1."role", u1."account_status", u1."suspended_until", u1."nickname", u1."country", u1."country_code", u1."avatar_path", u1."rating", u1."bullet_rating", u1."blitz_rating", u1."rapid_rating", u1."puzzle_rating", u1."battle_rating", u1."profile_views", u1."birth_date", u1."hashed_password", u1."confirmed_at", u1."inserted_at", u1."updated_at", u0."authenticated_at", u0."inserted_at" FROM "users_tokens" AS u0 INNER JOIN "users" AS u1 ON u1."id" = u0."user_id" WHERE ((u0."token" = $1) AND (u0."context" = $2)) AND (u0."inserted_at" > $3::timestamp + (-(14)::numeric * interval '1 day')) AND (NOT (u1."confirmed_at" IS NULL)) [<<205, 228, 217, 197, 163, 29, 14, 231, 198, 50, 111, 210, 243, 121, 204, 79, 250, 103, 106, 219, 36, 178, 77, 111, 80, 209, 44, 74, 1, 63, 91, 162>>, "api", ~U[2026-09-08 19:38:33.315870Z]]

16:38:33.319 [debug] QUERY OK db=1.0ms
begin []

16:38:33.321 [debug] QUERY OK source="users" db=1.5ms
SELECT u0."id", u0."email", u0."role", u0."account_status", u0."suspended_until", u0."nickname", u0."country", u0."country_code", u0."avatar_path", u0."rating", u0."bullet_rating", u0."blitz_rating", u0."rapid_rating", u0."puzzle_rating", u0."battle_rating", u0."profile_views", u0."birth_date", u0."hashed_password", u0."confirmed_at", u0."inserted_at", u0."updated_at" FROM "users" AS u0 WHERE (u0."id" = ANY($1)) ORDER BY u0."id" FOR UPDATE [["5e8bd0b4-7b19-44d3-8c09-275a5b6a4191", "a7b4a204-9524-4f1c-adff-73fde97b9d30"]]

16:38:33.323 [debug] QUERY OK source="users" db=1.3ms
UPDATE "users" SET "account_status" = $1, "suspended_until" = $2, "updated_at" = $3 WHERE "id" = $4 [:active, nil, ~N[2026-09-08 19:38:33], "a7b4a204-9524-4f1c-adff-73fde97b9d30"]

16:38:33.327 [debug] QUERY OK source="moderation_actions" db=2.0ms
INSERT INTO "moderation_actions" ("reason","action","admin_user_id","target_user_id","inserted_at","id") VALUES ($1,$2,$3,$4,$5,$6) ["Revisão de suspensão", :reactivate, "5e8bd0b4-7b19-44d3-8c09-275a5b6a4191", "a7b4a204-9524-4f1c-adff-73fde97b9d30", ~U[2026-09-08 19:38:33.323584Z], "6ca587ed-dbbc-4fcb-be7f-fb2f539c5a96"]

16:38:33.329 [debug] QUERY OK db=1.6ms
commit []

16:38:33.329 [info] Sent 200 in 14ms

16:38:33.339 [info] GET /api/admin/users/a7b4a204-9524-4f1c-adff-73fde97b9d30

16:38:33.340 [debug] Processing with ChessDuelBackendWeb.AdminController.user/2
  Parameters: %{"id" => "a7b4a204-9524-4f1c-adff-73fde97b9d30"}
  Pipelines: [:api, :authenticated_api, :admin_api]

16:38:33.342 [debug] QUERY OK source="users_tokens" db=1.6ms queue=0.1ms
SELECT u1."id", u1."email", u1."role", u1."account_status", u1."suspended_until", u1."nickname", u1."country", u1."country_code", u1."avatar_path", u1."rating", u1."bullet_rating", u1."blitz_rating", u1."rapid_rating", u1."puzzle_rating", u1."battle_rating", u1."profile_views", u1."birth_date", u1."hashed_password", u1."confirmed_at", u1."inserted_at", u1."updated_at", u0."authenticated_at", u0."inserted_at" FROM "users_tokens" AS u0 INNER JOIN "users" AS u1 ON u1."id" = u0."user_id" WHERE ((u0."token" = $1) AND (u0."context" = $2)) AND (u0."inserted_at" > $3::timestamp + (-(14)::numeric * interval '1 day')) AND (NOT (u1."confirmed_at" IS NULL)) [<<205, 228, 217, 197, 163, 29, 14, 231, 198, 50, 111, 210, 243, 121, 204, 79, 250, 103, 106, 219, 36, 178, 77, 111, 80, 209, 44, 74, 1, 63, 91, 162>>, "api", ~U[2026-09-08 19:38:33.340210Z]]

16:38:33.344 [debug] QUERY OK source="users" db=1.4ms queue=0.3ms
SELECT u0."id", u0."email", u0."role", u0."account_status", u0."suspended_until", u0."nickname", u0."country", u0."country_code", u0."avatar_path", u0."rating", u0."bullet_rating", u0."blitz_rating", u0."rapid_rating", u0."puzzle_rating", u0."battle_rating", u0."profile_views", u0."birth_date", u0."hashed_password", u0."confirmed_at", u0."inserted_at", u0."updated_at" FROM "users" AS u0 WHERE (u0."id" = $1) ["a7b4a204-9524-4f1c-adff-73fde97b9d30"]

16:38:33.347 [debug] QUERY OK source="moderation_actions" db=2.1ms
SELECT m0."id", m0."target_user_id", m0."admin_user_id", m0."action", m0."reason", m0."suspended_until", m0."inserted_at" FROM "moderation_actions" AS m0 WHERE (m0."target_user_id" = $1) ORDER BY m0."inserted_at" DESC, m0."id" DESC LIMIT 50 ["a7b4a204-9524-4f1c-adff-73fde97b9d30"]

16:38:33.350 [debug] QUERY OK source="users" db=1.9ms queue=0.2ms
SELECT u0."id", u0."email", u0."role", u0."account_status", u0."suspended_until", u0."nickname", u0."country", u0."country_code", u0."avatar_path", u0."rating", u0."bullet_rating", u0."blitz_rating", u0."rapid_rating", u0."puzzle_rating", u0."battle_rating", u0."profile_views", u0."birth_date", u0."hashed_password", u0."confirmed_at", u0."inserted_at", u0."updated_at", u0."id" FROM "users" AS u0 WHERE (u0."id" = $1) ["5e8bd0b4-7b19-44d3-8c09-275a5b6a4191"]

16:38:33.352 [debug] QUERY OK source="games" db=1.7ms queue=0.2ms
SELECT count(g0."id"), count(g0."id") FILTER (WHERE g0."status" = 'finished'), count(g0."id") FILTER (WHERE NOT (g0."bot_id" IS NULL)), count(g0."id") FILTER (WHERE ((g0."white_player_id" = $1) AND (g0."result" = 'white_wins')) OR ((g0."black_player_id" = $2) AND (g0."result" = 'black_wins'))) FROM "games" AS g0 WHERE ((g0."white_player_id" = $3) OR (g0."black_player_id" = $4)) ["a7b4a204-9524-4f1c-adff-73fde97b9d30", "a7b4a204-9524-4f1c-adff-73fde97b9d30", "a7b4a204-9524-4f1c-adff-73fde97b9d30", "a7b4a204-9524-4f1c-adff-73fde97b9d30"]

16:38:33.352 [info] Sent 200 in 13ms

16:38:34.823 [info] POST /api/admin/users/a7b4a204-9524-4f1c-adff-73fde97b9d30/ban

16:38:34.824 [debug] Processing with ChessDuelBackendWeb.AdminController.ban/2
  Parameters: %{"id" => "a7b4a204-9524-4f1c-adff-73fde97b9d30", "reason" => "Verificação de banimento pelo navegador"}
  Pipelines: [:api, :authenticated_api, :admin_api]

16:38:34.826 [debug] QUERY OK source="users_tokens" db=1.4ms queue=0.3ms
SELECT u1."id", u1."email", u1."role", u1."account_status", u1."suspended_until", u1."nickname", u1."country", u1."country_code", u1."avatar_path", u1."rating", u1."bullet_rating", u1."blitz_rating", u1."rapid_rating", u1."puzzle_rating", u1."battle_rating", u1."profile_views", u1."birth_date", u1."hashed_password", u1."confirmed_at", u1."inserted_at", u1."updated_at", u0."authenticated_at", u0."inserted_at" FROM "users_tokens" AS u0 INNER JOIN "users" AS u1 ON u1."id" = u0."user_id" WHERE ((u0."token" = $1) AND (u0."context" = $2)) AND (u0."inserted_at" > $3::timestamp + (-(14)::numeric * interval '1 day')) AND (NOT (u1."confirmed_at" IS NULL)) [<<205, 228, 217, 197, 163, 29, 14, 231, 198, 50, 111, 210, 243, 121, 204, 79, 250, 103, 106, 219, 36, 178, 77, 111, 80, 209, 44, 74, 1, 63, 91, 162>>, "api", ~U[2026-09-08 19:38:34.824546Z]]

16:38:34.828 [debug] QUERY OK db=1.1ms queue=0.1ms
begin []

16:38:34.830 [debug] QUERY OK source="users" db=1.4ms
SELECT u0."id", u0."email", u0."role", u0."account_status", u0."suspended_until", u0."nickname", u0."country", u0."country_code", u0."avatar_path", u0."rating", u0."bullet_rating", u0."blitz_rating", u0."rapid_rating", u0."puzzle_rating", u0."battle_rating", u0."profile_views", u0."birth_date", u0."hashed_password", u0."confirmed_at", u0."inserted_at", u0."updated_at" FROM "users" AS u0 WHERE (u0."id" = ANY($1)) ORDER BY u0."id" FOR UPDATE [["5e8bd0b4-7b19-44d3-8c09-275a5b6a4191", "a7b4a204-9524-4f1c-adff-73fde97b9d30"]]

16:38:34.833 [debug] QUERY OK source="users" db=1.3ms
UPDATE "users" SET "account_status" = $1, "updated_at" = $2 WHERE "id" = $3 [:banned, ~N[2026-09-08 19:38:34], "a7b4a204-9524-4f1c-adff-73fde97b9d30"]

16:38:34.835 [debug] QUERY OK source="moderation_actions" db=1.7ms
INSERT INTO "moderation_actions" ("reason","action","admin_user_id","target_user_id","inserted_at","id") VALUES ($1,$2,$3,$4,$5,$6) ["Verificação de banimento pelo navegador", :ban, "5e8bd0b4-7b19-44d3-8c09-275a5b6a4191", "a7b4a204-9524-4f1c-adff-73fde97b9d30", ~U[2026-09-08 19:38:34.833353Z], "ed926edf-6f41-4055-8888-f8c76c3a3546"]

16:38:34.837 [debug] QUERY OK db=1.2ms
commit []

16:38:34.837 [info] Sent 200 in 13ms

16:38:34.845 [info] GET /api/admin/users/a7b4a204-9524-4f1c-adff-73fde97b9d30

16:38:34.845 [debug] Processing with ChessDuelBackendWeb.AdminController.user/2
  Parameters: %{"id" => "a7b4a204-9524-4f1c-adff-73fde97b9d30"}
  Pipelines: [:api, :authenticated_api, :admin_api]

16:38:34.847 [debug] QUERY OK source="users_tokens" db=1.1ms queue=0.1ms
SELECT u1."id", u1."email", u1."role", u1."account_status", u1."suspended_until", u1."nickname", u1."country", u1."country_code", u1."avatar_path", u1."rating", u1."bullet_rating", u1."blitz_rating", u1."rapid_rating", u1."puzzle_rating", u1."battle_rating", u1."profile_views", u1."birth_date", u1."hashed_password", u1."confirmed_at", u1."inserted_at", u1."updated_at", u0."authenticated_at", u0."inserted_at" FROM "users_tokens" AS u0 INNER JOIN "users" AS u1 ON u1."id" = u0."user_id" WHERE ((u0."token" = $1) AND (u0."context" = $2)) AND (u0."inserted_at" > $3::timestamp + (-(14)::numeric * interval '1 day')) AND (NOT (u1."confirmed_at" IS NULL)) [<<205, 228, 217, 197, 163, 29, 14, 231, 198, 50, 111, 210, 243, 121, 204, 79, 250, 103, 106, 219, 36, 178, 77, 111, 80, 209, 44, 74, 1, 63, 91, 162>>, "api", ~U[2026-09-08 19:38:34.845646Z]]

16:38:34.848 [debug] QUERY OK source="users" db=0.9ms queue=0.1ms
SELECT u0."id", u0."email", u0."role", u0."account_status", u0."suspended_until", u0."nickname", u0."country", u0."country_code", u0."avatar_path", u0."rating", u0."bullet_rating", u0."blitz_rating", u0."rapid_rating", u0."puzzle_rating", u0."battle_rating", u0."profile_views", u0."birth_date", u0."hashed_password", u0."confirmed_at", u0."inserted_at", u0."updated_at" FROM "users" AS u0 WHERE (u0."id" = $1) ["a7b4a204-9524-4f1c-adff-73fde97b9d30"]

16:38:34.850 [debug] QUERY OK source="moderation_actions" db=1.6ms
SELECT m0."id", m0."target_user_id", m0."admin_user_id", m0."action", m0."reason", m0."suspended_until", m0."inserted_at" FROM "moderation_actions" AS m0 WHERE (m0."target_user_id" = $1) ORDER BY m0."inserted_at" DESC, m0."id" DESC LIMIT 50 ["a7b4a204-9524-4f1c-adff-73fde97b9d30"]

16:38:34.852 [debug] QUERY OK source="users" db=1.5ms queue=0.1ms
SELECT u0."id", u0."email", u0."role", u0."account_status", u0."suspended_until", u0."nickname", u0."country", u0."country_code", u0."avatar_path", u0."rating", u0."bullet_rating", u0."blitz_rating", u0."rapid_rating", u0."puzzle_rating", u0."battle_rating", u0."profile_views", u0."birth_date", u0."hashed_password", u0."confirmed_at", u0."inserted_at", u0."updated_at", u0."id" FROM "users" AS u0 WHERE (u0."id" = $1) ["5e8bd0b4-7b19-44d3-8c09-275a5b6a4191"]

16:38:34.854 [debug] QUERY OK source="games" db=1.5ms
SELECT count(g0."id"), count(g0."id") FILTER (WHERE g0."status" = 'finished'), count(g0."id") FILTER (WHERE NOT (g0."bot_id" IS NULL)), count(g0."id") FILTER (WHERE ((g0."white_player_id" = $1) AND (g0."result" = 'white_wins')) OR ((g0."black_player_id" = $2) AND (g0."result" = 'black_wins'))) FROM "games" AS g0 WHERE ((g0."white_player_id" = $3) OR (g0."black_player_id" = $4)) ["a7b4a204-9524-4f1c-adff-73fde97b9d30", "a7b4a204-9524-4f1c-adff-73fde97b9d30", "a7b4a204-9524-4f1c-adff-73fde97b9d30", "a7b4a204-9524-4f1c-adff-73fde97b9d30"]

16:38:34.855 [info] Sent 200 in 9ms

16:38:36.349 [info] POST /api/admin/users/a7b4a204-9524-4f1c-adff-73fde97b9d30/reactivate

16:38:36.350 [debug] Processing with ChessDuelBackendWeb.AdminController.reactivate/2
  Parameters: %{"id" => "a7b4a204-9524-4f1c-adff-73fde97b9d30", "reason" => "Revisão de banimento"}
  Pipelines: [:api, :authenticated_api, :admin_api]

16:38:36.352 [debug] QUERY OK source="users_tokens" db=1.1ms queue=0.1ms
SELECT u1."id", u1."email", u1."role", u1."account_status", u1."suspended_until", u1."nickname", u1."country", u1."country_code", u1."avatar_path", u1."rating", u1."bullet_rating", u1."blitz_rating", u1."rapid_rating", u1."puzzle_rating", u1."battle_rating", u1."profile_views", u1."birth_date", u1."hashed_password", u1."confirmed_at", u1."inserted_at", u1."updated_at", u0."authenticated_at", u0."inserted_at" FROM "users_tokens" AS u0 INNER JOIN "users" AS u1 ON u1."id" = u0."user_id" WHERE ((u0."token" = $1) AND (u0."context" = $2)) AND (u0."inserted_at" > $3::timestamp + (-(14)::numeric * interval '1 day')) AND (NOT (u1."confirmed_at" IS NULL)) [<<205, 228, 217, 197, 163, 29, 14, 231, 198, 50, 111, 210, 243, 121, 204, 79, 250, 103, 106, 219, 36, 178, 77, 111, 80, 209, 44, 74, 1, 63, 91, 162>>, "api", ~U[2026-09-08 19:38:36.350447Z]]

16:38:36.353 [debug] QUERY OK db=0.7ms queue=0.1ms
begin []

16:38:36.354 [debug] QUERY OK source="users" db=1.2ms
SELECT u0."id", u0."email", u0."role", u0."account_status", u0."suspended_until", u0."nickname", u0."country", u0."country_code", u0."avatar_path", u0."rating", u0."bullet_rating", u0."blitz_rating", u0."rapid_rating", u0."puzzle_rating", u0."battle_rating", u0."profile_views", u0."birth_date", u0."hashed_password", u0."confirmed_at", u0."inserted_at", u0."updated_at" FROM "users" AS u0 WHERE (u0."id" = ANY($1)) ORDER BY u0."id" FOR UPDATE [["5e8bd0b4-7b19-44d3-8c09-275a5b6a4191", "a7b4a204-9524-4f1c-adff-73fde97b9d30"]]

16:38:36.356 [debug] QUERY OK source="users" db=1.3ms
UPDATE "users" SET "account_status" = $1, "updated_at" = $2 WHERE "id" = $3 [:active, ~N[2026-09-08 19:38:36], "a7b4a204-9524-4f1c-adff-73fde97b9d30"]

16:38:36.358 [debug] QUERY OK source="moderation_actions" db=1.6ms
INSERT INTO "moderation_actions" ("reason","action","admin_user_id","target_user_id","inserted_at","id") VALUES ($1,$2,$3,$4,$5,$6) ["Revisão de banimento", :reactivate, "5e8bd0b4-7b19-44d3-8c09-275a5b6a4191", "a7b4a204-9524-4f1c-adff-73fde97b9d30", ~U[2026-09-08 19:38:36.356950Z], "285d3747-6a24-4218-876c-9d0b804c2b7b"]

16:38:36.359 [debug] QUERY OK db=0.8ms
commit []

16:38:36.360 [info] Sent 200 in 10ms

16:38:36.367 [info] GET /api/admin/users/a7b4a204-9524-4f1c-adff-73fde97b9d30

16:38:36.367 [debug] Processing with ChessDuelBackendWeb.AdminController.user/2
  Parameters: %{"id" => "a7b4a204-9524-4f1c-adff-73fde97b9d30"}
  Pipelines: [:api, :authenticated_api, :admin_api]

16:38:36.369 [debug] QUERY OK source="users_tokens" db=1.0ms queue=0.1ms
SELECT u1."id", u1."email", u1."role", u1."account_status", u1."suspended_until", u1."nickname", u1."country", u1."country_code", u1."avatar_path", u1."rating", u1."bullet_rating", u1."blitz_rating", u1."rapid_rating", u1."puzzle_rating", u1."battle_rating", u1."profile_views", u1."birth_date", u1."hashed_password", u1."confirmed_at", u1."inserted_at", u1."updated_at", u0."authenticated_at", u0."inserted_at" FROM "users_tokens" AS u0 INNER JOIN "users" AS u1 ON u1."id" = u0."user_id" WHERE ((u0."token" = $1) AND (u0."context" = $2)) AND (u0."inserted_at" > $3::timestamp + (-(14)::numeric * interval '1 day')) AND (NOT (u1."confirmed_at" IS NULL)) [<<205, 228, 217, 197, 163, 29, 14, 231, 198, 50, 111, 210, 243, 121, 204, 79, 250, 103, 106, 219, 36, 178, 77, 111, 80, 209, 44, 74, 1, 63, 91, 162>>, "api", ~U[2026-09-08 19:38:36.367984Z]]

16:38:36.370 [debug] QUERY OK source="users" db=0.7ms
SELECT u0."id", u0."email", u0."role", u0."account_status", u0."suspended_until", u0."nickname", u0."country", u0."country_code", u0."avatar_path", u0."rating", u0."bullet_rating", u0."blitz_rating", u0."rapid_rating", u0."puzzle_rating", u0."battle_rating", u0."profile_views", u0."birth_date", u0."hashed_password", u0."confirmed_at", u0."inserted_at", u0."updated_at" FROM "users" AS u0 WHERE (u0."id" = $1) ["a7b4a204-9524-4f1c-adff-73fde97b9d30"]

16:38:36.372 [debug] QUERY OK source="moderation_actions" db=1.3ms
SELECT m0."id", m0."target_user_id", m0."admin_user_id", m0."action", m0."reason", m0."suspended_until", m0."inserted_at" FROM "moderation_actions" AS m0 WHERE (m0."target_user_id" = $1) ORDER BY m0."inserted_at" DESC, m0."id" DESC LIMIT 50 ["a7b4a204-9524-4f1c-adff-73fde97b9d30"]

16:38:36.375 [debug] QUERY OK source="users" db=2.1ms queue=0.1ms
SELECT u0."id", u0."email", u0."role", u0."account_status", u0."suspended_until", u0."nickname", u0."country", u0."country_code", u0."avatar_path", u0."rating", u0."bullet_rating", u0."blitz_rating", u0."rapid_rating", u0."puzzle_rating", u0."battle_rating", u0."profile_views", u0."birth_date", u0."hashed_password", u0."confirmed_at", u0."inserted_at", u0."updated_at", u0."id" FROM "users" AS u0 WHERE (u0."id" = $1) ["5e8bd0b4-7b19-44d3-8c09-275a5b6a4191"]

16:38:36.377 [debug] QUERY OK source="games" db=1.3ms queue=0.1ms
SELECT count(g0."id"), count(g0."id") FILTER (WHERE g0."status" = 'finished'), count(g0."id") FILTER (WHERE NOT (g0."bot_id" IS NULL)), count(g0."id") FILTER (WHERE ((g0."white_player_id" = $1) AND (g0."result" = 'white_wins')) OR ((g0."black_player_id" = $2) AND (g0."result" = 'black_wins'))) FROM "games" AS g0 WHERE ((g0."white_player_id" = $3) OR (g0."black_player_id" = $4)) ["a7b4a204-9524-4f1c-adff-73fde97b9d30", "a7b4a204-9524-4f1c-adff-73fde97b9d30", "a7b4a204-9524-4f1c-adff-73fde97b9d30", "a7b4a204-9524-4f1c-adff-73fde97b9d30"]

16:38:36.377 [info] Sent 200 in 10ms

16:38:37.351 [notice] SIGTERM received - shutting down

